[palistudies.blogspot.com/index.html]
[backblue.gif]
[fade.gif]
[index.html]
[palistudies.blogspot.com/favicon.ico]
[palistudies.blogspot.com/feeds/posts/default]
[palistudies.blogspot.com/feeds/posts/default9522]
[palistudies.blogspot.com/responsive/sprite_v1_6.css.svg]
[palistudies.blogspot.com/p/navigating-pali-studies.html]
[palistudies.blogspot.com/p/resources.html]
[palistudies.blogspot.com/search/label/translations.html]
[palistudies.blogspot.com/p/about-this-blog.html]
[palistudies.blogspot.com/p/glossary.html]
[palistudies.blogspot.com/p/a-practical-grammar-of-pali-language.html]
[palistudies.blogspot.com/2022/10/pts-reference-converter-khuddaka-nikaya.html]
[palistudies.blogspot.com/https.b.delayed]
[palistudies.blogspot.com/2020/02/sutta-number-to-pts-reference-converter.html]
[palistudies.blogspot.com/2020/01/attadanda-sutta-snp-415-translation.html]
[palistudies.blogspot.com/2020/01/karaniya-metta-sutta-snp-18-translation.html]
[palistudies.blogspot.com/2019/11/what-is-pali-language-little-history.html]
[palistudies.blogspot.com/2019/10/dhamma-section-satipatthana-sutta.html]
[palistudies.blogspot.com/2019/10/syllables-and-stress.html]
[palistudies.blogspot.com/2019/08/velthuis-to-diacritics-converter-pali.html]
[palistudies.blogspot.com/2019/05/vedana-citta-sections-satipatthana.html]
[palistudies.blogspot.com/2019/04/intro-kaya-section-satipatthana-sutta.html]
[palistudies.blogspot.com/searchc0dd.html]
[palistudies.blogspot.com/2018/03/an-introductory-grammar-of-pali.html]
[palistudies.blogspot.com/p/privacy-policy.html]
[palistudies.blogspot.com/2018/03/index.html]
[palistudies.blogspot.com/2018/05/index.html]
[palistudies.blogspot.com/search/label/-in.html]
[palistudies.blogspot.com/2018/06/index.html]
[palistudies.blogspot.com/2018/12/index.html]
[palistudies.blogspot.com/search/label/'to be'.html]
[palistudies.blogspot.com/2019/03/index.html]
[palistudies.blogspot.com/2018/09/index.html]
[palistudies.blogspot.com/search/label/ablative.html]
[palistudies.blogspot.com/2019/04/index.html]
[palistudies.blogspot.com/2019/05/index.html]
[palistudies.blogspot.com/search/label/absolutes.html]
[palistudies.blogspot.com/2019/08/index.html]
[palistudies.blogspot.com/2019/10/index.html]
[palistudies.blogspot.com/2022/10/index.html]
[palistudies.blogspot.com/2019/11/index.html]
[palistudies.blogspot.com/2020/01/index.html]
[palistudies.blogspot.com/search/label/absolutive.html]
[palistudies.blogspot.com/search/label/abstract noun.html]
[palistudies.blogspot.com/search/label/accusative.html]
[palistudies.blogspot.com/search/label/action noun.html]
[palistudies.blogspot.com/search/label/adjectives.html]
[palistudies.blogspot.com/search/label/adverb.html]
[palistudies.blogspot.com/search/label/adverbial.html]
[palistudies.blogspot.com/search/label/agent.html]
[palistudies.blogspot.com/search/label/agent noun.html]
[palistudies.blogspot.com/search/label/agreement.html]
[palistudies.blogspot.com/search/label/alphabet.html]
[palistudies.blogspot.com/search/label/AN.html]
[palistudies.blogspot.com/search/label/antecedent.html]
[palistudies.blogspot.com/search/label/anusvāra.html]
[palistudies.blogspot.com/search/label/aorist.html]
[palistudies.blogspot.com/search/label/apposition.html]
[palistudies.blogspot.com/search/label/articles.html]
[palistudies.blogspot.com/search/label/aspect & mood.html]
[palistudies.blogspot.com/search/label/assimilation.html]
[palistudies.blogspot.com/search/label/augment.html]
[palistudies.blogspot.com/search/label/auxiliary.html]
[palistudies.blogspot.com/search/label/base.html]
[palistudies.blogspot.com/search/label/case.html]
[palistudies.blogspot.com/search/label/causatives.html]
[palistudies.blogspot.com/search/label/clauses.html]
[palistudies.blogspot.com/search/label/co-relative.html]
[palistudies.blogspot.com/search/label/comparatives.html]
[palistudies.blogspot.com/search/label/complements.html]
[palistudies.blogspot.com/search/label/compounds.html]
[palistudies.blogspot.com/search/label/conditional.html]
[palistudies.blogspot.com/search/label/conditional clause.html]
[palistudies.blogspot.com/search/label/conjugation.html]
[palistudies.blogspot.com/search/label/conjunction.html]
[palistudies.blogspot.com/search/label/copluars.html]
[palistudies.blogspot.com/search/label/dative.html]
[palistudies.blogspot.com/search/label/declension.html]
[palistudies.blogspot.com/search/label/denominatives.html]
[palistudies.blogspot.com/search/label/derived verbs.html]
[palistudies.blogspot.com/search/label/desideratives.html]
[palistudies.blogspot.com/search/label/diacritics.html]
[palistudies.blogspot.com/search/label/dictionary lookup.html]
[palistudies.blogspot.com/search/label/Digital Pali Reader.html]
[palistudies.blogspot.com/search/label/double accusatives.html]
[palistudies.blogspot.com/search/label/DPR.html]
[palistudies.blogspot.com/search/label/finding a Pali inflection.html]
[palistudies.blogspot.com/search/label/future.html]
[palistudies.blogspot.com/search/label/genitive.html]
[palistudies.blogspot.com/search/label/gerund.html]
[palistudies.blogspot.com/search/label/gerundive.html]
[palistudies.blogspot.com/search/label/grammar.html]
[palistudies.blogspot.com/search/label/identify a suffix.html]
[palistudies.blogspot.com/search/label/if clause.html]
[palistudies.blogspot.com/search/label/imperative.html]
[palistudies.blogspot.com/search/label/indeclinable.html]
[palistudies.blogspot.com/search/label/indicative.html]
[palistudies.blogspot.com/search/label/infinitive.html]
[palistudies.blogspot.com/search/label/inflection.html]
[palistudies.blogspot.com/search/label/instrumental.html]
[palistudies.blogspot.com/search/label/intensives.html]
[palistudies.blogspot.com/search/label/iti.html]
[palistudies.blogspot.com/search/label/Learn Pali.html]
[palistudies.blogspot.com/search/label/locative.html]
[palistudies.blogspot.com/search/label/ṁ.html]
[palistudies.blogspot.com/search/label/middle voice.html]
[palistudies.blogspot.com/search/label/morphology.html]
[palistudies.blogspot.com/search/label/negation.html]
[palistudies.blogspot.com/search/label/niggahīta.html]
[palistudies.blogspot.com/search/label/nominal adjectives.html]
[palistudies.blogspot.com/search/label/nominative.html]
[palistudies.blogspot.com/search/label/non-finite.html]
[palistudies.blogspot.com/search/label/noun attributes.html]
[palistudies.blogspot.com/search/label/numerals.html]
[palistudies.blogspot.com/search/label/optative.html]
[palistudies.blogspot.com/search/label/pali characters.html]
[palistudies.blogspot.com/search/label/pali diacritics.html]
[palistudies.blogspot.com/search/label/parse a suffix.html]
[palistudies.blogspot.com/search/label/participle.html]
[palistudies.blogspot.com/search/label/passive.html]
[palistudies.blogspot.com/search/label/past.html]
[palistudies.blogspot.com/search/label/patient.html]
[palistudies.blogspot.com/search/label/PED lookup tool.html]
[palistudies.blogspot.com/search/label/place.html]
[palistudies.blogspot.com/search/label/pronominals.html]
[palistudies.blogspot.com/search/label/pronouns.html]
[palistudies.blogspot.com/search/label/pronunciation.html]
[palistudies.blogspot.com/search/label/PTS Lookup.html]
[palistudies.blogspot.com/search/label/questions.html]
[palistudies.blogspot.com/search/label/reduplication.html]
[palistudies.blogspot.com/search/label/reflexive.html]
[palistudies.blogspot.com/search/label/relative.html]
[palistudies.blogspot.com/search/label/relative adverb.html]
[palistudies.blogspot.com/search/label/repetition.html]
[palistudies.blogspot.com/search/label/root.html]
[palistudies.blogspot.com/search/label/sentence diagrams.html]
[palistudies.blogspot.com/search/label/SN.html]
[palistudies.blogspot.com/search/label/special bases.html]
[palistudies.blogspot.com/search/label/stem.html]
[palistudies.blogspot.com/search/label/subject object.html]
[palistudies.blogspot.com/search/label/superlatives.html]
[palistudies.blogspot.com/search/label/sutta numbering.html]
[palistudies.blogspot.com/search/label/syntax.html]
[palistudies.blogspot.com/search/label/tense.html]
[palistudies.blogspot.com/search/label/Tense system.html]
[palistudies.blogspot.com/search/label/time.html]
[palistudies.blogspot.com/search/label/tools.html]
[palistudies.blogspot.com/search/label/verb stems.html]
[palistudies.blogspot.com/search/label/verbal adjectives.html]
[palistudies.blogspot.com/search/label/vocative.html]
[palistudies.blogspot.com/index.html]
[palistudies.blogspot.com/responsive/sprite_v1_6.css.svg]
[palistudies.blogspot.com/search/label/word order.html]
[palistudies.blogspot.com/2018/05/navigating-sutta-numbering-schemes.html]
[palistudies.blogspot.com/2018/05/pali-alphabet-using-ped-dictionary.html]
[palistudies.blogspot.com/2018/05/entering-pali-diacritics-niggahita.html]
[palistudies.blogspot.com/2018/05/5-ways-to-identify-inflectional-suffix.html]
[palistudies.blogspot.com/2018/05/noun-declension-overview.html]
[palistudies.blogspot.com/2018/05/pali-agreement-of-verb-and-subject.html]
[palistudies.blogspot.com/2018/05/pali-nouns-attributes-in-nominative.html]
[palistudies.blogspot.com/2018/05/adjectives-in-pali.html]
[palistudies.blogspot.com/2018/05/the-genitive-getting-possessive.html]
[palistudies.blogspot.com/2018/05/pali-pronouns.html]
[palistudies.blogspot.com/2018/05/relative-clause-constructions-in-pali.html]
[palistudies.blogspot.com/2018/05/passive-sentences-in-pali.html]
[palistudies.blogspot.com/2018/05/participles-in-pali-part-1.html]
[palistudies.blogspot.com/2018/05/participles-in-pali-part-2.html]
[palistudies.blogspot.com/2018/05/other-non-finite-verbs-in-pali.html]
[palistudies.blogspot.com/2018/05/pali-subordinate-clauses-part-2.html]
[palistudies.blogspot.com/2018/06/what-is-adverb.html]
[palistudies.blogspot.com/2018/06/pali-compounds.html]
[palistudies.blogspot.com/2018/06/palis-system-of-noun-cases.html]
[palistudies.blogspot.com/2018/06/declension-of-pali-nouns.html]
[palistudies.blogspot.com/2018/06/pali-verb-conjugation-part1.html]
[palistudies.blogspot.com/2018/06/pali-verb-conjugation-part-2.html]
[palistudies.blogspot.com/2018/06/pali-verb-conjugation-part-3.html]
[palistudies.blogspot.com/2018/06/pali-verb-conjugation-part-4-secondary.html]
[palistudies.blogspot.com/2018/09/formation-of-participles-in-pali.html]
[palistudies.blogspot.com/2018/11/adjectival-suffixes.html]
[palistudies.blogspot.com/p/https.a3.delayed]
[palistudies.blogspot.com/p/navigating-pali-studies.html]
[palistudies.blogspot.com/p/resources.html]
[palistudies.blogspot.com/search/label/https.html]
[palistudies.blogspot.com/2019/03/phenapindupama-sutta-sn-2295.html]
[palistudies.blogspot.com/2019/03/a-translation-of-anguttara-nikaya-book.html]
[palistudies.blogspot.com/search/label/translations.html]
[palistudies.blogspot.com/p/about-this-blog.html]
[palistudies.blogspot.com/search/label/translationse14d.html]
[palistudies.blogspot.com/p/glossary.html]
[palistudies.blogspot.com/p/a-practical-grammar-of-pali-language.html]
[palistudies.blogspot.com/2018/05/learn-pali-where-to-begin.html]
[palistudies.blogspot.com/feeds/7618551221375183148/comments/default]
[palistudies.blogspot.com/2022/10/https.aa.delayed]
[palistudies.blogspot.com/2022/10/pts-reference-converter-khuddaka-nikaya.html]
[palistudies.blogspot.com/https.html]
[palistudies.blogspot.com/feeds/1597232652693081752/comments/default]
[palistudies.blogspot.com/2020/02/sutta-number-to-pts-reference-converter5f26.html]
[palistudies.blogspot.com/2020/02/sutta-number-to-pts-reference-converter456f.html]
[palistudies.blogspot.com/2020/02/https.ae.delayed]
[palistudies.blogspot.com/2020/02/sutta-number-to-pts-reference-converter.html]
[palistudies.blogspot.com/feeds/3101620951505884325/comments/default]
[palistudies.blogspot.com/2020/01/https.b0.delayed]
[palistudies.blogspot.com/2020/01/attadanda-sutta-snp-415-translation.html]
[palistudies.blogspot.com/feeds/8915624363402246288/comments/default]
[palistudies.blogspot.com/2020/01/karaniya-metta-sutta-snp-18-translation.html]
[palistudies.blogspot.com/feeds/8036313841299301843/comments/default]
[palistudies.blogspot.com/2019/11/what-is-pali-language-little-history9ae4.html]
[palistudies.blogspot.com/2019/11/what-is-pali-language-little-history896d.html]
[palistudies.blogspot.com/2019/11/what-is-pali-language-little-history3234.html]
[palistudies.blogspot.com/2019/11/what-is-pali-language-little-history3c16.html]
[palistudies.blogspot.com/2019/11/what-is-pali-language-little-history85af.html]
[palistudies.blogspot.com/2019/11/https.b8.delayed]
[palistudies.blogspot.com/2019/11/what-is-pali-language-little-history.html]
[palistudies.blogspot.com/feeds/6706105630686683233/comments/default]
[palistudies.blogspot.com/2019/04/a-translation-of-satipatthana-sutta.ba.delayed]
[palistudies.blogspot.com/2019/10/https.bb.delayed]
[palistudies.blogspot.com/2019/10/dhamma-section-satipatthana-sutta.html]
[palistudies.blogspot.com/feeds/1318058607501801103/comments/default]
[palistudies.blogspot.com/2019/10/syllables-and-stress.html]
[palistudies.blogspot.com/feeds/7140988220733030965/comments/default]
[palistudies.blogspot.com/2019/08/https.be.delayed]
[palistudies.blogspot.com/2019/08/velthuis-to-diacritics-converter-pali.html]
[palistudies.blogspot.com/feeds/7902734077898035529/comments/default]
[palistudies.blogspot.com/2019/05/https.c2.delayed]
[palistudies.blogspot.com/2019/05/vedana-citta-sections-satipatthana.html]
[palistudies.blogspot.com/feeds/3352088285452499808/comments/default]
[palistudies.blogspot.com/2019/04/intro-kaya-section-satipatthana-sutta96ab.html]
[palistudies.blogspot.com/2019/04/https.d5.delayed]
[palistudies.blogspot.com/2019/04/intro-kaya-section-satipatthana-sutta.html]
[palistudies.blogspot.com/search53e2.html]
[palistudies.blogspot.com/2018/12/grammar.html]
[palistudies.blogspot.com/2018/09/a-theory-of-pali-tense.html]
[palistudies.blogspot.com/searchc0dd.html]
[palistudies.blogspot.com/search1dbb.html]
[palistudies.blogspot.com/feeds/3189555705504896278/comments/default]
[palistudies.blogspot.com/2018/03/https.db.delayed]
[palistudies.blogspot.com/2018/03/an-introductory-grammar-of-pali.html]
[palistudies.blogspot.com/p/privacy-policy.html]
[palistudies.blogspot.com/2018/03/index.html]
[palistudies.blogspot.com/search802d.html]
[palistudies.blogspot.com/2018/05/https.dd.delayed]
[palistudies.blogspot.com/search560f.html]
[palistudies.blogspot.com/2018/05/index.html]
[palistudies.blogspot.com/searchf101.html]
[palistudies.blogspot.com/2018/06/https.e0.delayed]
[palistudies.blogspot.com/2018/06/morphology.html]
[palistudies.blogspot.com/2018/06/a-quick-reference-overview-of-pali.html]
[palistudies.blogspot.com/search4520.html]
[palistudies.blogspot.com/2018/06/index.html]
[palistudies.blogspot.com/searchcf23.html]
[palistudies.blogspot.com/2018/09/https.e5.delayed]
[palistudies.blogspot.com/search9ec9.html]
[palistudies.blogspot.com/2018/09/index.html]
[palistudies.blogspot.com/search8fa1.html]
[palistudies.blogspot.com/2018/12/https.e8.delayed]
[palistudies.blogspot.com/search899f.html]
[palistudies.blogspot.com/2018/12/index.html]
[palistudies.blogspot.com/searchc9df.html]
[palistudies.blogspot.com/2019/03/https.eb.delayed]
[palistudies.blogspot.com/searchd13a.html]
[palistudies.blogspot.com/2019/03/index.html]
[palistudies.blogspot.com/search94cb.html]
[palistudies.blogspot.com/2019/04/index.html]
[palistudies.blogspot.com/search95a1.html]
[palistudies.blogspot.com/2019/05/index.html]
[palistudies.blogspot.com/search77fc.html]
[palistudies.blogspot.com/2019/08/index.html]
[palistudies.blogspot.com/search85a3.html]
[palistudies.blogspot.com/2019/10/index.html]
[palistudies.blogspot.com/search68a4.html]
[palistudies.blogspot.com/2019/11/index.html]
[palistudies.blogspot.com/search9fac.html]
[palistudies.blogspot.com/2020/01/index.html]
[palistudies.blogspot.com/search959f.html]
[palistudies.blogspot.com/2022/10/index.html]
[palistudies.blogspot.com/searchc151.html]
[palistudies.blogspot.com/search/label/-in.html]
[palistudies.blogspot.com/search/label/-in10c6.html]
[palistudies.blogspot.com/search/label/'to be'.html]
[palistudies.blogspot.com/search/label/'to be'8f4e.html]
[palistudies.blogspot.com/search/label/ablative.html]
[palistudies.blogspot.com/search/label/ablativee65d.html]
[palistudies.blogspot.com/search/label/absolutes.html]
[palistudies.blogspot.com/search/label/absolutes932a.html]
[palistudies.blogspot.com/search/label/absolutive.html]
[palistudies.blogspot.com/search/label/absolutive8706.html]
[palistudies.blogspot.com/search/label/abstract noun.html]
[palistudies.blogspot.com/search/label/abstract noun8706.html]
[palistudies.blogspot.com/search/label/accusative.html]
[palistudies.blogspot.com/search/label/accusative7930.html]
[palistudies.blogspot.com/search/label/action noun.html]
[palistudies.blogspot.com/search/label/action noun8706.html]
[palistudies.blogspot.com/search/label/adjectives.html]
[palistudies.blogspot.com/search/label/adjectivesb5bf.html]
[palistudies.blogspot.com/search/label/adverb.html]
[palistudies.blogspot.com/search/label/adverb7930.html]
[palistudies.blogspot.com/search/label/adverbial.html]
[palistudies.blogspot.com/search/label/adverbialb5bf.html]
[palistudies.blogspot.com/search/label/agent.html]
[palistudies.blogspot.com/search/label/agent8d9a.html]
[palistudies.blogspot.com/search/label/agent noun.html]
[palistudies.blogspot.com/search/label/agent noun8706.html]
[palistudies.blogspot.com/search/label/agreement.html]
[palistudies.blogspot.com/search/label/agreement87c0.html]
[palistudies.blogspot.com/search/label/alphabet.html]
[palistudies.blogspot.com/search/label/alphabetfeda.html]
[palistudies.blogspot.com/search/label/AN.html]
[palistudies.blogspot.com/search/label/ANe14d.html]
[palistudies.blogspot.com/search/label/antecedent.html]
[palistudies.blogspot.com/search/label/antecedent3342.html]
[palistudies.blogspot.com/search/label/anusvāra.html]
[palistudies.blogspot.com/search/label/anusvāra3b76.html]
[palistudies.blogspot.com/search/label/aorist.html]
[palistudies.blogspot.com/search/label/aorist96cb.html]
[palistudies.blogspot.com/search/label/apposition.html]
[palistudies.blogspot.com/search/label/apposition8f4e.html]
[palistudies.blogspot.com/search/label/articles.html]
[palistudies.blogspot.com/search/label/articles1503.html]
[palistudies.blogspot.com/search/label/aspect & mood.html]
[palistudies.blogspot.com/search/label/aspect & mood8d9a.html]
[palistudies.blogspot.com/search/label/assimilation.html]
[palistudies.blogspot.com/search/label/assimilation3c21.html]
[palistudies.blogspot.com/search/label/augment.html]
[palistudies.blogspot.com/search/label/augmentde93.html]
[palistudies.blogspot.com/search/label/auxiliary.html]
[palistudies.blogspot.com/search/label/auxiliary8d9a.html]
[palistudies.blogspot.com/search/label/base.html]
[palistudies.blogspot.com/search/label/base8d08.html]
[palistudies.blogspot.com/search/label/case.html]
[palistudies.blogspot.com/search/label/casee65d.html]
[palistudies.blogspot.com/search/label/causatives.html]
[palistudies.blogspot.com/search/label/causatives3c21.html]
[palistudies.blogspot.com/search/label/clauses.html]
[palistudies.blogspot.com/search/label/clauses3342.html]
[palistudies.blogspot.com/search/label/co-relative.html]
[palistudies.blogspot.com/search/label/co-relative3342.html]
[palistudies.blogspot.com/search/label/comparatives.html]
[palistudies.blogspot.com/search/label/comparativesb5bf.html]
[palistudies.blogspot.com/search/label/complements.html]
[palistudies.blogspot.com/search/label/complements8f4e.html]
[palistudies.blogspot.com/search/label/compounds.html]
[palistudies.blogspot.com/search/label/compounds4be5.html]
[palistudies.blogspot.com/search/label/conditional.html]
[palistudies.blogspot.com/search/label/conditionalde93.html]
[palistudies.blogspot.com/search/label/conditional clause.html]
[palistudies.blogspot.com/search/label/conditional clause012a.html]
[palistudies.blogspot.com/search/label/conjugation.html]
[palistudies.blogspot.com/search/label/conjugatione8e5.html]
[palistudies.blogspot.com/search/label/conjunction.html]
[palistudies.blogspot.com/search/label/conjunction012a.html]
[palistudies.blogspot.com/search/label/copluars.html]
[palistudies.blogspot.com/search/label/copluars8f4e.html]
[palistudies.blogspot.com/search/label/dative.html]
[palistudies.blogspot.com/search/label/dativee65d.html]
[palistudies.blogspot.com/search/label/declension.html]
[palistudies.blogspot.com/search/label/declension5d4a.html]
[palistudies.blogspot.com/search/label/denominatives.html]
[palistudies.blogspot.com/search/label/denominatives3c21.html]
[palistudies.blogspot.com/search/label/derived verbs.html]
[palistudies.blogspot.com/search/label/derived verbs8d08.html]
[palistudies.blogspot.com/search/label/desideratives.html]
[palistudies.blogspot.com/search/label/desideratives3c21.html]
[palistudies.blogspot.com/search/label/diacritics.html]
[palistudies.blogspot.com/search/label/diacritics3b76.html]
[palistudies.blogspot.com/2018/05/how-to-install-digital-pali-reader.html]
[palistudies.blogspot.com/search/label/dictionary lookup.html]
[palistudies.blogspot.com/search/label/dictionary lookupf884.html]
[palistudies.blogspot.com/search/label/Digital Pali Reader.html]
[palistudies.blogspot.com/search/label/Digital Pali Readerf884.html]
[palistudies.blogspot.com/search/label/double accusatives.html]
[palistudies.blogspot.com/search/label/double accusatives8f4e.html]
[palistudies.blogspot.com/search/label/DPR.html]
[palistudies.blogspot.com/search/label/DPRf884.html]
[palistudies.blogspot.com/search/label/finding a Pali inflection.html]
[palistudies.blogspot.com/search/label/finding a Pali inflectione7cf.html]
[palistudies.blogspot.com/search/label/future.html]
[palistudies.blogspot.com/search/label/futurede93.html]
[palistudies.blogspot.com/search/label/genitive.html]
[palistudies.blogspot.com/search/label/genitivee65d.html]
[palistudies.blogspot.com/search/label/gerund.html]
[palistudies.blogspot.com/search/label/gerund8706.html]
[palistudies.blogspot.com/search/label/gerundive.html]
[palistudies.blogspot.com/search/label/gerundive54a7.html]
[palistudies.blogspot.com/search/label/grammar.html]
[palistudies.blogspot.com/search/label/grammarb52a.html]
[palistudies.blogspot.com/search/label/identify a suffix.html]
[palistudies.blogspot.com/search/label/identify a suffixe7cf.html]
[palistudies.blogspot.com/search/label/if clause.html]
[palistudies.blogspot.com/search/label/if clause012a.html]
[palistudies.blogspot.com/search/label/imperative.html]
[palistudies.blogspot.com/search/label/imperativede93.html]
[palistudies.blogspot.com/search/label/indeclinable.html]
[palistudies.blogspot.com/search/label/indeclinable8706.html]
[palistudies.blogspot.com/search/label/indicative.html]
[palistudies.blogspot.com/search/label/indicativee8e5.html]
[palistudies.blogspot.com/search/label/infinitive.html]
[palistudies.blogspot.com/search/label/infinitive8706.html]
[palistudies.blogspot.com/search/label/inflection.html]
[palistudies.blogspot.com/search/label/inflection8d08.html]
[palistudies.blogspot.com/search/label/instrumental.html]
[palistudies.blogspot.com/search/label/instrumental7930.html]
[palistudies.blogspot.com/search/label/intensives.html]
[palistudies.blogspot.com/search/label/intensives3c21.html]
[palistudies.blogspot.com/search/label/iti.html]
[palistudies.blogspot.com/search/label/iti012a.html]
[palistudies.blogspot.com/search/label/Learn Pali.html]
[palistudies.blogspot.com/search/label/Learn Pali94ab.html]
[palistudies.blogspot.com/search/label/locative.html]
[palistudies.blogspot.com/search/label/locativee65d.html]
[palistudies.blogspot.com/search/label/ṁ.html]
[palistudies.blogspot.com/search/label/ṁ3b76.html]
[palistudies.blogspot.com/search/label/middle voice.html]
[palistudies.blogspot.com/search/label/middle voicee8e5.html]
[palistudies.blogspot.com/search/label/morphology.html]
[palistudies.blogspot.com/search/label/morphology8d08.html]
[palistudies.blogspot.com/search/label/negation.html]
[palistudies.blogspot.com/search/label/negation012a.html]
[palistudies.blogspot.com/search/label/niggahīta.html]
[palistudies.blogspot.com/search/label/niggahīta3b76.html]
[palistudies.blogspot.com/search/label/nominal adjectives.html]
[palistudies.blogspot.com/search/label/nominal adjectives10c6.html]
[palistudies.blogspot.com/search/label/nominative.html]
[palistudies.blogspot.com/search/label/nominativee65d.html]
[palistudies.blogspot.com/search/label/non-finite.html]
[palistudies.blogspot.com/search/label/non-finite8706.html]
[palistudies.blogspot.com/search/label/noun attributes.html]
[palistudies.blogspot.com/search/label/noun attributes8f4e.html]
[palistudies.blogspot.com/search/label/numerals.html]
[palistudies.blogspot.com/search/label/numeralsb5bf.html]
[palistudies.blogspot.com/search/label/optative.html]
[palistudies.blogspot.com/search/label/optativede93.html]
[palistudies.blogspot.com/search/label/pali characters.html]
[palistudies.blogspot.com/search/label/pali characters3395.html]
[palistudies.blogspot.com/search/label/pali diacritics.html]
[palistudies.blogspot.com/search/label/pali diacritics3395.html]
[palistudies.blogspot.com/search/label/parse a suffix.html]
[palistudies.blogspot.com/search/label/parse a suffixe7cf.html]
[palistudies.blogspot.com/search/label/participle.html]
[palistudies.blogspot.com/search/label/participle8d9a.html]
[palistudies.blogspot.com/search/label/passive.html]
[palistudies.blogspot.com/search/label/passive8d9a.html]
[palistudies.blogspot.com/search/label/past.html]
[palistudies.blogspot.com/search/label/past96cb.html]
[palistudies.blogspot.com/search/label/patient.html]
[palistudies.blogspot.com/search/label/patient8d9a.html]
[palistudies.blogspot.com/search/label/PED lookup tool.html]
[palistudies.blogspot.com/search/label/PED lookup tool3395.html]
[palistudies.blogspot.com/search/label/place.html]
[palistudies.blogspot.com/search/label/place7930.html]
[palistudies.blogspot.com/search/label/pronominals.html]
[palistudies.blogspot.com/search/label/pronominals1503.html]
[palistudies.blogspot.com/search/label/pronouns.html]
[palistudies.blogspot.com/search/label/pronouns1503.html]
[palistudies.blogspot.com/search/label/pronunciation.html]
[palistudies.blogspot.com/search/label/pronunciationfeda.html]
[palistudies.blogspot.com/search/label/PTS Lookup.html]
[palistudies.blogspot.com/search/label/PTS Lookupda41.html]
[palistudies.blogspot.com/search/label/questions.html]
[palistudies.blogspot.com/search/label/questions012a.html]
[palistudies.blogspot.com/search/label/reduplication.html]
[palistudies.blogspot.com/search/label/reduplication3c21.html]
[palistudies.blogspot.com/search/label/reflexive.html]
[palistudies.blogspot.com/search/label/reflexivee8e5.html]
[palistudies.blogspot.com/search/label/relative.html]
[palistudies.blogspot.com/search/label/relative3342.html]
[palistudies.blogspot.com/search/label/relative adverb.html]
[palistudies.blogspot.com/search/label/relative adverb012a.html]
[palistudies.blogspot.com/search/label/repetition.html]
[palistudies.blogspot.com/search/label/repetition012a.html]
[palistudies.blogspot.com/search/label/root.html]
[palistudies.blogspot.com/search/label/root8d08.html]
[palistudies.blogspot.com/search/label/sentence diagrams.html]
[palistudies.blogspot.com/search/label/sentence diagrams660b.html]
[palistudies.blogspot.com/search/label/SN.html]
[palistudies.blogspot.com/search/label/SN14ff.html]
[palistudies.blogspot.com/search/label/special bases.html]
[palistudies.blogspot.com/search/label/special bases7dac.html]
[palistudies.blogspot.com/search/label/stem.html]
[palistudies.blogspot.com/search/label/stem8d08.html]
[palistudies.blogspot.com/search/label/subject object.html]
[palistudies.blogspot.com/search/label/subject object5d4a.html]
[palistudies.blogspot.com/search/label/superlatives.html]
[palistudies.blogspot.com/search/label/superlativesb5bf.html]
[palistudies.blogspot.com/search/label/sutta numbering.html]
[palistudies.blogspot.com/search/label/sutta numberingf884.html]
[palistudies.blogspot.com/search/label/syntax.html]
[palistudies.blogspot.com/search/label/syntax660b.html]
[palistudies.blogspot.com/search/label/tense.html]
[palistudies.blogspot.com/search/label/tensee8e5.html]
[palistudies.blogspot.com/search/label/Tense system.html]
[palistudies.blogspot.com/search/label/Tense system7dac.html]
[palistudies.blogspot.com/search/label/time.html]
[palistudies.blogspot.com/search/label/time7930.html]
[palistudies.blogspot.com/search/label/tools.html]
[palistudies.blogspot.com/search/label/tools94ab.html]
[palistudies.blogspot.com/search/label/verb stems.html]
[palistudies.blogspot.com/search/label/verb stems7dac.html]
[palistudies.blogspot.com/search/label/verbal adjectives.html]
[palistudies.blogspot.com/search/label/verbal adjectives10c6.html]
[palistudies.blogspot.com/search/label/vocative.html]
[palistudies.blogspot.com/search/label/vocativee65d.html]
[palistudies.blogspot.com/search/label/word order.html]
[palistudies.blogspot.com/search/label/word order87c0.html]
[palistudies.blogspot.com/feeds/7040716189721954064/comments/default]
[palistudies.blogspot.com/2018/05/navigating-sutta-numbering-schemesd266.html]
[palistudies.blogspot.com/2018/05/navigating-sutta-numbering-schemes1227.html]
[palistudies.blogspot.com/2018/05/navigating-sutta-numbering-schemesd2f9.html]
[palistudies.blogspot.com/2018/05/navigating-sutta-numbering-schemese942.html]
[palistudies.blogspot.com/2018/05/navigating-sutta-numbering-schemes.html]
[palistudies.blogspot.com/2018/05/navigating-sutta-numbering-schemes9bdd.html]
[palistudies.blogspot.com/feeds/8051686837109427005/comments/default]
[palistudies.blogspot.com/2018/05/pali-alphabet-using-ped-dictionary.html]
[palistudies.blogspot.com/feeds/8228745594233944053/comments/default]
[palistudies.blogspot.com/2018/05/entering-pali-diacritics-niggahita.html]
[palistudies.blogspot.com/feeds/1101922744831363585/comments/default]
[palistudies.blogspot.com/2018/05/5-ways-to-identify-inflectional-suffix.html]
[palistudies.blogspot.com/feeds/2881023759490913891/comments/default]
[palistudies.blogspot.com/2018/05/noun-declension-overview.html]
[palistudies.blogspot.com/feeds/5386289697209882522/comments/default]
[palistudies.blogspot.com/2018/05/pali-agreement-of-verb-and-subject.html]
[palistudies.blogspot.com/feeds/5546726751580000501/comments/default]
[palistudies.blogspot.com/2018/05/pali-nouns-attributes-in-nominative.html]
[palistudies.blogspot.com/2018/05/adjectives-in-pali.html]
[palistudies.blogspot.com/feeds/2257519701233533669/comments/default]
[palistudies.blogspot.com/feeds/1252583594697760361/comments/default]
[palistudies.blogspot.com/2018/05/the-genitive-getting-possessive.html]
[palistudies.blogspot.com/2018/05/pali-pronouns.html]
[palistudies.blogspot.com/feeds/6967519083278402595/comments/default]
[palistudies.blogspot.com/feeds/5913626270741127022/comments/default]
[palistudies.blogspot.com/2018/05/relative-clause-constructions-in-pali.html]
[palistudies.blogspot.com/feeds/4084198472352177307/comments/default]
[palistudies.blogspot.com/2018/05/passive-sentences-in-pali.html]
[palistudies.blogspot.com/feeds/1153002659577561389/comments/default]
[palistudies.blogspot.com/2018/05/participles-in-pali-part-1db20.html]
[palistudies.blogspot.com/2018/05/participles-in-pali-part-1.html]
[palistudies.blogspot.com/2018/05/participles-in-pali-part-140f6.html]
[palistudies.blogspot.com/feeds/4072737556968577714/comments/default]
[palistudies.blogspot.com/2018/05/participles-in-pali-part-2.html]
[palistudies.blogspot.com/feeds/3345647012659571982/comments/default]
[palistudies.blogspot.com/2018/05/other-non-finite-verbs-in-pali.html]
[palistudies.blogspot.com/feeds/6578927855378431235/comments/default]
[palistudies.blogspot.com/2018/05/pali-subordinate-clauses-part-2.html]
[palistudies.blogspot.com/feeds/5918713916103285866/comments/default]
[palistudies.blogspot.com/2018/06/what-is-adverb.html]
[palistudies.blogspot.com/feeds/785017022096787834/comments/default]
[palistudies.blogspot.com/2018/06/pali-compounds.html]
[palistudies.blogspot.com/feeds/6561208701342284941/comments/default]
[palistudies.blogspot.com/2018/06/palis-system-of-noun-cases.html]
[palistudies.blogspot.com/feeds/6824284612328001001/comments/default]
[palistudies.blogspot.com/2018/06/declension-of-pali-nouns149b.html]
[palistudies.blogspot.com/2018/06/declension-of-pali-nounsb590.html]
[palistudies.blogspot.com/2018/06/declension-of-pali-nouns024d.html]
[palistudies.blogspot.com/2018/06/declension-of-pali-nounsfee1.html]
[palistudies.blogspot.com/2018/06/declension-of-pali-nouns53b5.html]
[palistudies.blogspot.com/2018/06/declension-of-pali-nounsf593.html]
[palistudies.blogspot.com/2018/06/declension-of-pali-nouns.html]
[palistudies.blogspot.com/2018/06/declension-of-pali-nounsa37b.html]
[palistudies.blogspot.com/feeds/162267804367951954/comments/default]
[palistudies.blogspot.com/2018/06/pali-verb-conjugation-part1.html]
[palistudies.blogspot.com/2018/06/pali-verb-conjugation-part10112.html]
[palistudies.blogspot.com/feeds/889193982785943703/comments/default]
[palistudies.blogspot.com/2018/06/pali-verb-conjugation-part-2.html]
[palistudies.blogspot.com/feeds/509279042491006603/comments/default]
[palistudies.blogspot.com/2018/06/pali-verb-conjugation-part-37084.html]
[palistudies.blogspot.com/2018/06/pali-verb-conjugation-part-3.html]
[palistudies.blogspot.com/2018/06/pali-verb-conjugation-part-3caa4.html]
[palistudies.blogspot.com/feeds/3569583938531995439/comments/default]
[palistudies.blogspot.com/2018/06/pali-verb-conjugation-part-4-secondary.html]
[palistudies.blogspot.com/feeds/4243529805076259303/comments/default]
[palistudies.blogspot.com/2018/09/formation-of-participles-in-pali.html]
[palistudies.blogspot.com/feeds/372285547792269523/comments/default]
[palistudies.blogspot.com/2018/11/adjectival-suffixes0d94.html]
[palistudies.blogspot.com/2018/11/adjectival-suffixesd908.html]
[palistudies.blogspot.com/2018/11/adjectival-suffixes7d45.html]
[palistudies.blogspot.com/2018/11/https.195.delayed]
[palistudies.blogspot.com/2018/11/adjectival-suffixes.html]
[palistudies.blogspot.com/p/https.html]
[palistudies.blogspot.com/search/label/https.html]
[palistudies.blogspot.com/feeds/5007179234117192265/comments/default]
[palistudies.blogspot.com/2019/03/phenapindupama-sutta-sn-2295.html]
[palistudies.blogspot.com/feeds/4944314481819125930/comments/default]
[palistudies.blogspot.com/2019/03/a-translation-of-anguttara-nikaya-book9967.html]
[palistudies.blogspot.com/2019/03/a-translation-of-anguttara-nikaya-booke0a5.html]
[palistudies.blogspot.com/2019/03/a-translation-of-anguttara-nikaya-book6e2b.html]
[palistudies.blogspot.com/2019/03/a-translation-of-anguttara-nikaya-book411c.html]
[palistudies.blogspot.com/2019/03/a-translation-of-anguttara-nikaya-book.html]
[palistudies.blogspot.com/2019/03/a-translation-of-anguttara-nikaya-book00e4.html]
[palistudies.blogspot.com/search/label/translationse14d.html]
[palistudies.blogspot.com/search/label/translations9b60.html]
[palistudies.blogspot.com/feeds/2345319688866114375/comments/default]
[palistudies.blogspot.com/2018/05/learn-pali-where-to-beginef77.html]
[palistudies.blogspot.com/2018/05/learn-pali-where-to-beginfd39.html]
[palistudies.blogspot.com/2018/05/learn-pali-where-to-begin44e7.html]
[palistudies.blogspot.com/2018/05/learn-pali-where-to-begin2213.html]
[palistudies.blogspot.com/2018/05/learn-pali-where-to-begin207c.html]
[palistudies.blogspot.com/2018/05/learn-pali-where-to-begin66a5.html]
[palistudies.blogspot.com/2018/05/learn-pali-where-to-begin0208.html]
[palistudies.blogspot.com/2018/05/learn-pali-where-to-begina804.html]
[palistudies.blogspot.com/2018/05/learn-pali-where-to-beginc99a.html]
[palistudies.blogspot.com/2018/05/learn-pali-where-to-begin90e0.html]
[palistudies.blogspot.com/2018/05/learn-pali-where-to-begin3d56.html]
[palistudies.blogspot.com/2018/05/learn-pali-where-to-begin8d3e.html]
[palistudies.blogspot.com/2018/05/learn-pali-where-to-begin.html]
[palistudies.blogspot.com/2022/10/https.html]
[palistudies.blogspot.com/2020/02/sutta-number-to-pts-reference-converter5f26.html]
[palistudies.blogspot.com/2020/02/sutta-number-to-pts-reference-converter456f.html]
[palistudies.blogspot.com/2020/02/https.html]
[palistudies.blogspot.com/2020/01/https.html]
[palistudies.blogspot.com/2019/11/what-is-pali-language-little-history9ae4.html]
[palistudies.blogspot.com/2019/11/what-is-pali-language-little-history896d.html]
[palistudies.blogspot.com/2019/11/what-is-pali-language-little-history3234.html]
[palistudies.blogspot.com/2019/11/what-is-pali-language-little-history3c16.html]
[palistudies.blogspot.com/2019/11/what-is-pali-language-little-history85af.html]
[palistudies.blogspot.com/2019/11/https.html]
[palistudies.blogspot.com/2019/10/https.html]
[palistudies.blogspot.com/2019/08/https.html]
[palistudies.blogspot.com/2019/05/https.html]
[palistudies.blogspot.com/2019/04/intro-kaya-section-satipatthana-sutta96ab.html]
[palistudies.blogspot.com/2019/04/https.html]
[palistudies.blogspot.com/search53e2.html]
[palistudies.blogspot.com/2018/05/learn-pali-where-to-beginb20d.html]
[palistudies.blogspot.com/feeds/3328276187991326896/comments/default]
[palistudies.blogspot.com/2018/12/grammar.html]
[palistudies.blogspot.com/feeds/3269584432118799289/comments/default]
[palistudies.blogspot.com/2018/09/a-theory-of-pali-tense.html]
[palistudies.blogspot.com/searchd229.html]
[palistudies.blogspot.com/search702f.html]
[palistudies.blogspot.com/search1dbb.html]
[palistudies.blogspot.com/2018/03/https.html]
[palistudies.blogspot.com/search2ab5.html]
[palistudies.blogspot.com/search0ccf.html]
[palistudies.blogspot.com/search7288.html]
[palistudies.blogspot.com/search802d.html]
[palistudies.blogspot.com/2018/05/https.html]
[palistudies.blogspot.com/searchd298.html]
[palistudies.blogspot.com/search30ce.html]
[palistudies.blogspot.com/search560f.html]
[palistudies.blogspot.com/search174f.html]
[palistudies.blogspot.com/search3b38.html]
[palistudies.blogspot.com/searchf101.html]
[palistudies.blogspot.com/2018/06/https.html]
[palistudies.blogspot.com/searchcab5.html]
[palistudies.blogspot.com/feeds/2233334721946116735/comments/default]
[palistudies.blogspot.com/2018/06/morphology.html]
[palistudies.blogspot.com/feeds/834393886263885238/comments/default]
[palistudies.blogspot.com/2018/06/a-quick-reference-overview-of-pali.html]
[palistudies.blogspot.com/search1149.html]
[palistudies.blogspot.com/search4520.html]
[palistudies.blogspot.com/searche7ce.html]
[palistudies.blogspot.com/searchea64.html]
[palistudies.blogspot.com/searchcf23.html]
[palistudies.blogspot.com/2018/09/https.html]
[palistudies.blogspot.com/searchc0a6.html]
[palistudies.blogspot.com/search1c1e.html]
[palistudies.blogspot.com/search9ec9.html]
[palistudies.blogspot.com/search2d19.html]
[palistudies.blogspot.com/searchf804.html]
[palistudies.blogspot.com/search8fa1.html]
[palistudies.blogspot.com/2018/12/https.html]
[palistudies.blogspot.com/searchf8c4.html]
[palistudies.blogspot.com/search4ed1.html]
[palistudies.blogspot.com/search899f.html]
[palistudies.blogspot.com/search8831.html]
[palistudies.blogspot.com/search3db1.html]
[palistudies.blogspot.com/searchc9df.html]
[palistudies.blogspot.com/2019/03/https.html]
[palistudies.blogspot.com/searcha2ac.html]
[palistudies.blogspot.com/search698b.html]
[palistudies.blogspot.com/searchd13a.html]
[palistudies.blogspot.com/searchd0cc.html]
[palistudies.blogspot.com/search60e8.html]
[palistudies.blogspot.com/search94cb.html]
[palistudies.blogspot.com/search0bac.html]
[palistudies.blogspot.com/searche8c4.html]
[palistudies.blogspot.com/search95a1.html]
[palistudies.blogspot.com/search1697.html]
[palistudies.blogspot.com/searcha05c.html]
[palistudies.blogspot.com/search77fc.html]
[palistudies.blogspot.com/search40e7.html]
[palistudies.blogspot.com/search250d.html]
[palistudies.blogspot.com/search85a3.html]
[palistudies.blogspot.com/search98d1.html]
[palistudies.blogspot.com/search7f17.html]
[palistudies.blogspot.com/search68a4.html]
[palistudies.blogspot.com/searchcd20.html]
[palistudies.blogspot.com/searchf6c5.html]
[palistudies.blogspot.com/search9fac.html]
[palistudies.blogspot.com/searchc7de.html]
[palistudies.blogspot.com/searchf949.html]
[palistudies.blogspot.com/search959f.html]
[palistudies.blogspot.com/search904c.html]
[palistudies.blogspot.com/search0fbe.html]
[palistudies.blogspot.com/searchc151.html]
[palistudies.blogspot.com/search7518.html]
[palistudies.blogspot.com/search/label/-in10c6.html]
[palistudies.blogspot.com/search/label/-in5ff4.html]
[palistudies.blogspot.com/search/label/'to be'8f4e.html]
[palistudies.blogspot.com/search/label/'to be'77ee.html]
[palistudies.blogspot.com/search/label/ablativee65d.html]
[palistudies.blogspot.com/search/label/ablativec4cf.html]
[palistudies.blogspot.com/search/label/absolutes932a.html]
[palistudies.blogspot.com/search/label/absolutescdd5.html]
[palistudies.blogspot.com/search/label/absolutive8706.html]
[palistudies.blogspot.com/search/label/absolutive2b32.html]
[palistudies.blogspot.com/search/label/abstract noun8706.html]
[palistudies.blogspot.com/search/label/abstract noun2b32.html]
[palistudies.blogspot.com/search/label/accusative7930.html]
[palistudies.blogspot.com/search/label/accusative29e8.html]
[palistudies.blogspot.com/search/label/action noun8706.html]
[palistudies.blogspot.com/search/label/action noun2b32.html]
[palistudies.blogspot.com/search/label/adjectivesb5bf.html]
[palistudies.blogspot.com/search/label/adjectives6887.html]
[palistudies.blogspot.com/search/label/adverb7930.html]
[palistudies.blogspot.com/search/label/adverb29e8.html]
[palistudies.blogspot.com/search/label/adverbialb5bf.html]
[palistudies.blogspot.com/search/label/adverbial6887.html]
[palistudies.blogspot.com/search/label/agent8d9a.html]
[palistudies.blogspot.com/search/label/agent159a.html]
[palistudies.blogspot.com/search/label/agent noun8706.html]
[palistudies.blogspot.com/search/label/agent noun2b32.html]
[palistudies.blogspot.com/search/label/agreement87c0.html]
[palistudies.blogspot.com/search/label/agreementce25.html]
[palistudies.blogspot.com/search/label/alphabetfeda.html]
[palistudies.blogspot.com/search/label/alphabetad9b.html]
[palistudies.blogspot.com/search/label/ANe14d.html]
[palistudies.blogspot.com/search/label/AN9b60.html]
[palistudies.blogspot.com/search/label/antecedent3342.html]
[palistudies.blogspot.com/search/label/antecedentfbb1.html]
[palistudies.blogspot.com/search/label/anusvāra3b76.html]
[palistudies.blogspot.com/search/label/anusvāraa7b0.html]
[palistudies.blogspot.com/search/label/aorist96cb.html]
[palistudies.blogspot.com/search/label/aorista434.html]
[palistudies.blogspot.com/search/label/apposition8f4e.html]
[palistudies.blogspot.com/search/label/apposition77ee.html]
[palistudies.blogspot.com/search/label/articles1503.html]
[palistudies.blogspot.com/search/label/articles9c9d.html]
[palistudies.blogspot.com/search/label/aspect & mood8d9a.html]
[palistudies.blogspot.com/search/label/aspect & mood159a.html]
[palistudies.blogspot.com/search/label/assimilation3c21.html]
[palistudies.blogspot.com/search/label/assimilationf656.html]
[palistudies.blogspot.com/search/label/augmentde93.html]
[palistudies.blogspot.com/search/label/augment74aa.html]
[palistudies.blogspot.com/search/label/auxiliary8d9a.html]
[palistudies.blogspot.com/search/label/auxiliary159a.html]
[palistudies.blogspot.com/search/label/base8d08.html]
[palistudies.blogspot.com/search/label/basede34.html]
[palistudies.blogspot.com/search/label/casee65d.html]
[palistudies.blogspot.com/search/label/casec4cf.html]
[palistudies.blogspot.com/search/label/causatives3c21.html]
[palistudies.blogspot.com/search/label/causativesf656.html]
[palistudies.blogspot.com/search/label/clauses3342.html]
[palistudies.blogspot.com/search/label/clausesfbb1.html]
[palistudies.blogspot.com/search/label/co-relative3342.html]
[palistudies.blogspot.com/search/label/co-relativefbb1.html]
[palistudies.blogspot.com/search/label/comparativesb5bf.html]
[palistudies.blogspot.com/search/label/comparatives6887.html]
[palistudies.blogspot.com/search/label/complements8f4e.html]
[palistudies.blogspot.com/search/label/complements77ee.html]
[palistudies.blogspot.com/search/label/compounds4be5.html]
[palistudies.blogspot.com/search/label/compounds6637.html]
[palistudies.blogspot.com/search/label/conditionalde93.html]
[palistudies.blogspot.com/search/label/conditional74aa.html]
[palistudies.blogspot.com/search/label/conditional clause012a.html]
[palistudies.blogspot.com/search/label/conditional clause61e1.html]
[palistudies.blogspot.com/search/label/conjugatione8e5.html]
[palistudies.blogspot.com/search/label/conjugation615d.html]
[palistudies.blogspot.com/search/label/conjunction012a.html]
[palistudies.blogspot.com/search/label/conjunction61e1.html]
[palistudies.blogspot.com/search/label/copluars8f4e.html]
[palistudies.blogspot.com/search/label/copluars77ee.html]
[palistudies.blogspot.com/search/label/dativee65d.html]
[palistudies.blogspot.com/search/label/dativec4cf.html]
[palistudies.blogspot.com/search/label/declension5d4a.html]
[palistudies.blogspot.com/search/label/declension5fbd.html]
[palistudies.blogspot.com/search/label/denominatives3c21.html]
[palistudies.blogspot.com/search/label/denominativesf656.html]
[palistudies.blogspot.com/search/label/derived verbs8d08.html]
[palistudies.blogspot.com/search/label/derived verbsde34.html]
[palistudies.blogspot.com/search/label/desideratives3c21.html]
[palistudies.blogspot.com/search/label/desiderativesf656.html]
[palistudies.blogspot.com/search/label/diacritics3b76.html]
[palistudies.blogspot.com/search/label/diacriticsa7b0.html]
[palistudies.blogspot.com/feeds/6792441462754232258/comments/default]
[palistudies.blogspot.com/2018/05/how-to-install-digital-pali-readerf049.html]
[palistudies.blogspot.com/2018/05/how-to-install-digital-pali-readerc07b.html]
[palistudies.blogspot.com/2018/05/how-to-install-digital-pali-readerec0e.html]
[palistudies.blogspot.com/2018/05/how-to-install-digital-pali-reader49c1.html]
[palistudies.blogspot.com/2018/05/how-to-install-digital-pali-reader.html]
[palistudies.blogspot.com/2018/05/how-to-install-digital-pali-reader5d02.html]
[palistudies.blogspot.com/search/label/dictionary lookupf884.html]
[palistudies.blogspot.com/search/label/dictionary lookup5e53.html]
[palistudies.blogspot.com/search/label/Digital Pali Readerf884.html]
[palistudies.blogspot.com/search/label/Digital Pali Reader5e53.html]
[palistudies.blogspot.com/search/label/double accusatives8f4e.html]
[palistudies.blogspot.com/search/label/double accusatives77ee.html]
[palistudies.blogspot.com/search/label/DPRf884.html]
[palistudies.blogspot.com/search/label/DPR5e53.html]
[palistudies.blogspot.com/search/label/finding a Pali inflectione7cf.html]
[palistudies.blogspot.com/search/label/finding a Pali inflection40d1.html]
[palistudies.blogspot.com/search/label/futurede93.html]
[palistudies.blogspot.com/search/label/future74aa.html]
[palistudies.blogspot.com/search/label/genitivee65d.html]
[palistudies.blogspot.com/search/label/genitivec4cf.html]
[palistudies.blogspot.com/search/label/gerund8706.html]
[palistudies.blogspot.com/search/label/gerund2b32.html]
[palistudies.blogspot.com/search/label/gerundive54a7.html]
[palistudies.blogspot.com/search/label/gerundive16e0.html]
[palistudies.blogspot.com/search/label/grammarb52a.html]
[palistudies.blogspot.com/search/label/grammar97cf.html]
[palistudies.blogspot.com/search/label/identify a suffixe7cf.html]
[palistudies.blogspot.com/search/label/identify a suffix40d1.html]
[palistudies.blogspot.com/search/label/if clause012a.html]
[palistudies.blogspot.com/search/label/if clause61e1.html]
[palistudies.blogspot.com/search/label/imperativede93.html]
[palistudies.blogspot.com/search/label/imperative74aa.html]
[palistudies.blogspot.com/search/label/indeclinable8706.html]
[palistudies.blogspot.com/search/label/indeclinable2b32.html]
[palistudies.blogspot.com/search/label/indicativee8e5.html]
[palistudies.blogspot.com/search/label/indicative615d.html]
[palistudies.blogspot.com/search/label/infinitive8706.html]
[palistudies.blogspot.com/search/label/infinitive2b32.html]
[palistudies.blogspot.com/search/label/inflection8d08.html]
[palistudies.blogspot.com/search/label/inflectionde34.html]
[palistudies.blogspot.com/search/label/instrumental7930.html]
[palistudies.blogspot.com/search/label/instrumental29e8.html]
[palistudies.blogspot.com/search/label/intensives3c21.html]
[palistudies.blogspot.com/search/label/intensivesf656.html]
[palistudies.blogspot.com/search/label/iti012a.html]
[palistudies.blogspot.com/search/label/iti61e1.html]
[palistudies.blogspot.com/search/label/Learn Pali94ab.html]
[palistudies.blogspot.com/search/label/Learn Pali40ac.html]
[palistudies.blogspot.com/search/label/locativee65d.html]
[palistudies.blogspot.com/search/label/locativec4cf.html]
[palistudies.blogspot.com/search/label/ṁ3b76.html]
[palistudies.blogspot.com/search/label/ṁa7b0.html]
[palistudies.blogspot.com/search/label/middle voicee8e5.html]
[palistudies.blogspot.com/search/label/middle voice615d.html]
[palistudies.blogspot.com/search/label/morphology8d08.html]
[palistudies.blogspot.com/search/label/morphologyde34.html]
[palistudies.blogspot.com/search/label/negation012a.html]
[palistudies.blogspot.com/search/label/negation61e1.html]
[palistudies.blogspot.com/search/label/niggahīta3b76.html]
[palistudies.blogspot.com/search/label/niggahītaa7b0.html]
[palistudies.blogspot.com/search/label/nominal adjectives10c6.html]
[palistudies.blogspot.com/search/label/nominal adjectives5ff4.html]
[palistudies.blogspot.com/search/label/nominativee65d.html]
[palistudies.blogspot.com/search/label/nominativec4cf.html]
[palistudies.blogspot.com/search/label/non-finite8706.html]
[palistudies.blogspot.com/search/label/non-finite2b32.html]
[palistudies.blogspot.com/search/label/noun attributes8f4e.html]
[palistudies.blogspot.com/search/label/noun attributes77ee.html]
[palistudies.blogspot.com/search/label/numeralsb5bf.html]
[palistudies.blogspot.com/search/label/numerals6887.html]
[palistudies.blogspot.com/search/label/optativede93.html]
[palistudies.blogspot.com/search/label/optative74aa.html]
[palistudies.blogspot.com/search/label/pali characters3395.html]
[palistudies.blogspot.com/search/label/pali characters5452.html]
[palistudies.blogspot.com/search/label/pali diacritics3395.html]
[palistudies.blogspot.com/search/label/pali diacritics5452.html]
[palistudies.blogspot.com/search/label/parse a suffixe7cf.html]
[palistudies.blogspot.com/search/label/parse a suffix40d1.html]
[palistudies.blogspot.com/search/label/participle8d9a.html]
[palistudies.blogspot.com/search/label/participle159a.html]
[palistudies.blogspot.com/search/label/passive8d9a.html]
[palistudies.blogspot.com/search/label/passive159a.html]
[palistudies.blogspot.com/search/label/past96cb.html]
[palistudies.blogspot.com/search/label/pasta434.html]
[palistudies.blogspot.com/search/label/patient8d9a.html]
[palistudies.blogspot.com/search/label/patient159a.html]
[palistudies.blogspot.com/search/label/PED lookup tool3395.html]
[palistudies.blogspot.com/search/label/PED lookup tool5452.html]
[palistudies.blogspot.com/search/label/place7930.html]
[palistudies.blogspot.com/search/label/place29e8.html]
[palistudies.blogspot.com/search/label/pronominals1503.html]
[palistudies.blogspot.com/search/label/pronominals9c9d.html]
[palistudies.blogspot.com/search/label/pronouns1503.html]
[palistudies.blogspot.com/search/label/pronouns9c9d.html]
[palistudies.blogspot.com/search/label/pronunciationfeda.html]
[palistudies.blogspot.com/search/label/pronunciationad9b.html]
[palistudies.blogspot.com/search/label/PTS Lookupda41.html]
[palistudies.blogspot.com/search/label/PTS Lookupa59b.html]
[palistudies.blogspot.com/search/label/questions012a.html]
[palistudies.blogspot.com/search/label/questions61e1.html]
[palistudies.blogspot.com/search/label/reduplication3c21.html]
[palistudies.blogspot.com/search/label/reduplicationf656.html]
[palistudies.blogspot.com/search/label/reflexivee8e5.html]
[palistudies.blogspot.com/search/label/reflexive615d.html]
[palistudies.blogspot.com/search/label/relative3342.html]
[palistudies.blogspot.com/search/label/relativefbb1.html]
[palistudies.blogspot.com/search/label/relative adverb012a.html]
[palistudies.blogspot.com/search/label/relative adverb61e1.html]
[palistudies.blogspot.com/search/label/repetition012a.html]
[palistudies.blogspot.com/search/label/repetition61e1.html]
[palistudies.blogspot.com/search/label/root8d08.html]
[palistudies.blogspot.com/search/label/rootde34.html]
[palistudies.blogspot.com/search/label/sentence diagrams660b.html]
[palistudies.blogspot.com/search/label/sentence diagrams4937.html]
[palistudies.blogspot.com/search/label/SN14ff.html]
[palistudies.blogspot.com/search/label/SN4d9d.html]
[palistudies.blogspot.com/search/label/special bases7dac.html]
[palistudies.blogspot.com/search/label/special bases7a32.html]
[palistudies.blogspot.com/search/label/stem8d08.html]
[palistudies.blogspot.com/search/label/stemde34.html]
[palistudies.blogspot.com/search/label/subject object5d4a.html]
[palistudies.blogspot.com/search/label/subject object5fbd.html]
[palistudies.blogspot.com/search/label/superlativesb5bf.html]
[palistudies.blogspot.com/search/label/superlatives6887.html]
[palistudies.blogspot.com/search/label/sutta numberingf884.html]
[palistudies.blogspot.com/search/label/sutta numbering5e53.html]
[palistudies.blogspot.com/search/label/syntax660b.html]
[palistudies.blogspot.com/search/label/syntax4937.html]
[palistudies.blogspot.com/search/label/tensee8e5.html]
[palistudies.blogspot.com/search/label/tense615d.html]
[palistudies.blogspot.com/search/label/Tense system7dac.html]
[palistudies.blogspot.com/search/label/Tense system7a32.html]
[palistudies.blogspot.com/search/label/time7930.html]
[palistudies.blogspot.com/search/label/time29e8.html]
[palistudies.blogspot.com/search/label/tools94ab.html]
[palistudies.blogspot.com/search/label/tools40ac.html]
[palistudies.blogspot.com/search/label/verb stems7dac.html]
[palistudies.blogspot.com/search/label/verb stems7a32.html]
[palistudies.blogspot.com/search/label/verbal adjectives10c6.html]
[palistudies.blogspot.com/search/label/verbal adjectives5ff4.html]
[palistudies.blogspot.com/search/label/vocativee65d.html]
[palistudies.blogspot.com/search/label/vocativec4cf.html]
[palistudies.blogspot.com/search/label/word order87c0.html]
[palistudies.blogspot.com/2018/05/navigating-sutta-numbering-schemesd266.html]
[palistudies.blogspot.com/2018/05/navigating-sutta-numbering-schemes1227.html]
[palistudies.blogspot.com/2018/05/navigating-sutta-numbering-schemesd2f9.html]
[palistudies.blogspot.com/2018/05/navigating-sutta-numbering-schemese942.html]
[palistudies.blogspot.com/2018/05/navigating-sutta-numbering-schemes9bdd.html]
[palistudies.blogspot.com/2018/05/participles-in-pali-part-1db20.html]
[palistudies.blogspot.com/2018/05/participles-in-pali-part-140f6.html]
[palistudies.blogspot.com/2018/06/declension-of-pali-nouns149b.html]
[palistudies.blogspot.com/2018/06/declension-of-pali-nounsb590.html]
[palistudies.blogspot.com/2018/06/declension-of-pali-nouns024d.html]
[palistudies.blogspot.com/2018/06/declension-of-pali-nounsfee1.html]
[palistudies.blogspot.com/2018/06/declension-of-pali-nouns53b5.html]
[palistudies.blogspot.com/2018/06/declension-of-pali-nounsf593.html]
[palistudies.blogspot.com/2018/06/declension-of-pali-nounsa37b.html]
[palistudies.blogspot.com/2018/06/pali-verb-conjugation-part10112.html]
[palistudies.blogspot.com/2018/06/pali-verb-conjugation-part-37084.html]
[palistudies.blogspot.com/2018/06/pali-verb-conjugation-part-3caa4.html]
[palistudies.blogspot.com/2018/11/adjectival-suffixes0d94.html]
[palistudies.blogspot.com/2018/11/adjectival-suffixesd908.html]
[palistudies.blogspot.com/2018/11/adjectival-suffixes7d45.html]
[palistudies.blogspot.com/2018/11/https.html]
[palistudies.blogspot.com/2019/03/a-translation-of-anguttara-nikaya-book9967.html]
[palistudies.blogspot.com/2019/03/a-translation-of-anguttara-nikaya-booke0a5.html]
[palistudies.blogspot.com/2019/03/a-translation-of-anguttara-nikaya-book6e2b.html]
[palistudies.blogspot.com/2019/03/a-translation-of-anguttara-nikaya-book411c.html]
[palistudies.blogspot.com/2019/03/a-translation-of-anguttara-nikaya-book00e4.html]
[palistudies.blogspot.com/search/label/translations9b60.html]
[palistudies.blogspot.com/2018/05/learn-pali-where-to-beginef77.html]
[palistudies.blogspot.com/2018/05/learn-pali-where-to-beginfd39.html]
[palistudies.blogspot.com/2018/05/learn-pali-where-to-begin44e7.html]
[palistudies.blogspot.com/2018/05/learn-pali-where-to-begin2213.html]
[palistudies.blogspot.com/2018/05/learn-pali-where-to-begin207c.html]
[palistudies.blogspot.com/2018/05/learn-pali-where-to-begin66a5.html]
[palistudies.blogspot.com/2018/05/learn-pali-where-to-begin0208.html]
[palistudies.blogspot.com/2018/05/learn-pali-where-to-begina804.html]
[palistudies.blogspot.com/2018/05/learn-pali-where-to-beginc99a.html]
[palistudies.blogspot.com/2018/05/learn-pali-where-to-begin90e0.html]
[palistudies.blogspot.com/2018/05/learn-pali-where-to-begin3d56.html]
[palistudies.blogspot.com/2018/05/learn-pali-where-to-begin8d3e.html]
[palistudies.blogspot.com/2018/05/learn-pali-where-to-beginb20d.html]
[palistudies.blogspot.com/searchd229.html]
[palistudies.blogspot.com/search/label/word orderce25.html]
[palistudies.blogspot.com/searchf6df.html]
[palistudies.blogspot.com/search702f.html]
[palistudies.blogspot.com/searche882.html]
[palistudies.blogspot.com/search081c.html]
[palistudies.blogspot.com/search1701.html]
[palistudies.blogspot.com/search2ab5.html]
[palistudies.blogspot.com/search0ccf.html]
[palistudies.blogspot.com/searchedee.html]
[palistudies.blogspot.com/search5753.html]
[palistudies.blogspot.com/search9b7e.html]
[palistudies.blogspot.com/search7288.html]
[palistudies.blogspot.com/searchf15f.html]
[palistudies.blogspot.com/searchd298.html]
[palistudies.blogspot.com/search30ce.html]
[palistudies.blogspot.com/searchf00d.html]
[palistudies.blogspot.com/searchcdee.html]
[palistudies.blogspot.com/search174f.html]
[palistudies.blogspot.com/search3b38.html]
[palistudies.blogspot.com/search067a.html]
[palistudies.blogspot.com/searche290.html]
[palistudies.blogspot.com/search84e5.html]
[palistudies.blogspot.com/searchcab5.html]
[palistudies.blogspot.com/search1149.html]
[palistudies.blogspot.com/search239e.html]
[palistudies.blogspot.com/searchac4a.html]
[palistudies.blogspot.com/searche7ce.html]
[palistudies.blogspot.com/searchea64.html]
[palistudies.blogspot.com/search571f.html]
[palistudies.blogspot.com/searchad98.html]
[palistudies.blogspot.com/searchc0a6.html]
[palistudies.blogspot.com/search1c1e.html]
[palistudies.blogspot.com/searchf197.html]
[palistudies.blogspot.com/search19af.html]
[palistudies.blogspot.com/search2d19.html]
[palistudies.blogspot.com/searchf804.html]
[palistudies.blogspot.com/search8ead.html]
[palistudies.blogspot.com/search9508.html]
[palistudies.blogspot.com/searchf8c4.html]
[palistudies.blogspot.com/search4ed1.html]
[palistudies.blogspot.com/search1870.html]
[palistudies.blogspot.com/search74c7.html]
[palistudies.blogspot.com/search8831.html]
[palistudies.blogspot.com/search3db1.html]
[palistudies.blogspot.com/searcha577.html]
[palistudies.blogspot.com/searchdfe9.html]
[palistudies.blogspot.com/searcha2ac.html]
[palistudies.blogspot.com/search698b.html]
[palistudies.blogspot.com/search284d.html]
[palistudies.blogspot.com/search6506.html]
[palistudies.blogspot.com/searchd0cc.html]
[palistudies.blogspot.com/search60e8.html]
[palistudies.blogspot.com/searchc4dc.html]
[palistudies.blogspot.com/searchdbc9.html]
[palistudies.blogspot.com/search98a1.html]
[palistudies.blogspot.com/search0bac.html]
[palistudies.blogspot.com/searche8c4.html]
[palistudies.blogspot.com/search3ac4.html]
[palistudies.blogspot.com/searchfbdc.html]
[palistudies.blogspot.com/search94cf.html]
[palistudies.blogspot.com/search1697.html]
[palistudies.blogspot.com/searcha05c.html]
[palistudies.blogspot.com/search1c33.html]
[palistudies.blogspot.com/searchab87.html]
[palistudies.blogspot.com/search1029.html]
[palistudies.blogspot.com/search40e7.html]
[palistudies.blogspot.com/search250d.html]
[palistudies.blogspot.com/search6606.html]
[palistudies.blogspot.com/searchb5cb.html]
[palistudies.blogspot.com/search760d.html]
[palistudies.blogspot.com/search98d1.html]
[palistudies.blogspot.com/search7f17.html]
[palistudies.blogspot.com/searchc612.html]
[palistudies.blogspot.com/search6b47.html]
[palistudies.blogspot.com/search5c17.html]
[palistudies.blogspot.com/searchcd20.html]
[palistudies.blogspot.com/searchf6c5.html]
[palistudies.blogspot.com/search3389.html]
[palistudies.blogspot.com/search16a2.html]
[palistudies.blogspot.com/searchd7fa.html]
[palistudies.blogspot.com/searchc7de.html]
[palistudies.blogspot.com/searchf949.html]
[palistudies.blogspot.com/search1b61.html]
[palistudies.blogspot.com/search8e9f.html]
[palistudies.blogspot.com/search904c.html]
[palistudies.blogspot.com/search0fbe.html]
[palistudies.blogspot.com/searchba3f.html]
[palistudies.blogspot.com/searchcf9e.html]
[palistudies.blogspot.com/search7518.html]
[palistudies.blogspot.com/search/label/-in5ff4.html]
[palistudies.blogspot.com/search/label/'to be'77ee.html]
[palistudies.blogspot.com/search/label/ablativec4cf.html]
[palistudies.blogspot.com/search/label/absolutescdd5.html]
[palistudies.blogspot.com/search/label/absolutive2b32.html]
[palistudies.blogspot.com/search/label/abstract noun2b32.html]
[palistudies.blogspot.com/search/label/accusative29e8.html]
[palistudies.blogspot.com/search/label/action noun2b32.html]
[palistudies.blogspot.com/search/label/adjectives6887.html]
[palistudies.blogspot.com/search/label/adverb29e8.html]
[palistudies.blogspot.com/search/label/adverbial6887.html]
[palistudies.blogspot.com/search/label/agent159a.html]
[palistudies.blogspot.com/search/label/agent noun2b32.html]
[palistudies.blogspot.com/search/label/agreementce25.html]
[palistudies.blogspot.com/search/label/alphabetad9b.html]
[palistudies.blogspot.com/search/label/AN9b60.html]
[palistudies.blogspot.com/search/label/antecedentfbb1.html]
[palistudies.blogspot.com/search/label/anusvāraa7b0.html]
[palistudies.blogspot.com/search/label/aorista434.html]
[palistudies.blogspot.com/search/label/apposition77ee.html]
[palistudies.blogspot.com/search/label/articles9c9d.html]
[palistudies.blogspot.com/search/label/aspect & mood159a.html]
[palistudies.blogspot.com/search/label/assimilationf656.html]
[palistudies.blogspot.com/search/label/augment74aa.html]
[palistudies.blogspot.com/search/label/auxiliary159a.html]
[palistudies.blogspot.com/search/label/basede34.html]
[palistudies.blogspot.com/search/label/casec4cf.html]
[palistudies.blogspot.com/search/label/causativesf656.html]
[palistudies.blogspot.com/search/label/clausesfbb1.html]
[palistudies.blogspot.com/search/label/co-relativefbb1.html]
[palistudies.blogspot.com/search/label/comparatives6887.html]
[palistudies.blogspot.com/search/label/complements77ee.html]
[palistudies.blogspot.com/search/label/compounds6637.html]
[palistudies.blogspot.com/search/label/conditional74aa.html]
[palistudies.blogspot.com/search/label/conditional clause61e1.html]
[palistudies.blogspot.com/search/label/conjugation615d.html]
[palistudies.blogspot.com/search/label/conjunction61e1.html]
[palistudies.blogspot.com/search/label/copluars77ee.html]
[palistudies.blogspot.com/search/label/dativec4cf.html]
[palistudies.blogspot.com/search/label/declension5fbd.html]
[palistudies.blogspot.com/search/label/denominativesf656.html]
[palistudies.blogspot.com/search/label/derived verbsde34.html]
[palistudies.blogspot.com/search/label/desiderativesf656.html]
[palistudies.blogspot.com/search/label/diacriticsa7b0.html]
[palistudies.blogspot.com/2018/05/how-to-install-digital-pali-readerf049.html]
[palistudies.blogspot.com/2018/05/how-to-install-digital-pali-readerc07b.html]
[palistudies.blogspot.com/2018/05/how-to-install-digital-pali-readerec0e.html]
[palistudies.blogspot.com/2018/05/how-to-install-digital-pali-reader49c1.html]
[palistudies.blogspot.com/2018/05/how-to-install-digital-pali-reader5d02.html]
[palistudies.blogspot.com/search/label/dictionary lookup5e53.html]
[palistudies.blogspot.com/search/label/Digital Pali Reader5e53.html]
[palistudies.blogspot.com/search/label/double accusatives77ee.html]
[palistudies.blogspot.com/search/label/DPR5e53.html]
[palistudies.blogspot.com/search/label/finding a Pali inflection40d1.html]
[palistudies.blogspot.com/search/label/future74aa.html]
[palistudies.blogspot.com/search/label/genitivec4cf.html]
[palistudies.blogspot.com/search/label/gerund2b32.html]
[palistudies.blogspot.com/search/label/gerundive16e0.html]
[palistudies.blogspot.com/search/label/grammar97cf.html]
[palistudies.blogspot.com/search/label/identify a suffix40d1.html]
[palistudies.blogspot.com/search/label/if clause61e1.html]
[palistudies.blogspot.com/search/label/imperative74aa.html]
[palistudies.blogspot.com/search/label/indeclinable2b32.html]
[palistudies.blogspot.com/search/label/indicative615d.html]
[palistudies.blogspot.com/search/label/infinitive2b32.html]
[palistudies.blogspot.com/search/label/inflectionde34.html]
[palistudies.blogspot.com/search/label/instrumental29e8.html]
[palistudies.blogspot.com/search/label/intensivesf656.html]
[palistudies.blogspot.com/search/label/iti61e1.html]
[palistudies.blogspot.com/search/label/Learn Pali40ac.html]
[palistudies.blogspot.com/search/label/locativec4cf.html]
[palistudies.blogspot.com/search/label/ṁa7b0.html]
[palistudies.blogspot.com/search/label/middle voice615d.html]
[palistudies.blogspot.com/search/label/morphologyde34.html]
[palistudies.blogspot.com/search/label/negation61e1.html]
[palistudies.blogspot.com/search/label/niggahītaa7b0.html]
[palistudies.blogspot.com/search/label/nominal adjectives5ff4.html]
[palistudies.blogspot.com/search/label/nominativec4cf.html]
[palistudies.blogspot.com/search/label/non-finite2b32.html]
[palistudies.blogspot.com/search/label/noun attributes77ee.html]
[palistudies.blogspot.com/search/label/numerals6887.html]
[palistudies.blogspot.com/search/label/optative74aa.html]
[palistudies.blogspot.com/search/label/pali characters5452.html]
[palistudies.blogspot.com/search/label/pali diacritics5452.html]
[palistudies.blogspot.com/search/label/parse a suffix40d1.html]
[palistudies.blogspot.com/search/label/participle159a.html]
[palistudies.blogspot.com/search/label/passive159a.html]
[palistudies.blogspot.com/search/label/pasta434.html]
[palistudies.blogspot.com/search/label/patient159a.html]
[palistudies.blogspot.com/search/label/PED lookup tool5452.html]
[palistudies.blogspot.com/search/label/place29e8.html]
[palistudies.blogspot.com/search/label/pronominals9c9d.html]
[palistudies.blogspot.com/search/label/pronouns9c9d.html]
[palistudies.blogspot.com/search/label/pronunciationad9b.html]
[palistudies.blogspot.com/search/label/PTS Lookupa59b.html]
[palistudies.blogspot.com/search/label/questions61e1.html]
[palistudies.blogspot.com/search/label/reduplicationf656.html]
[palistudies.blogspot.com/search/label/reflexive615d.html]
[palistudies.blogspot.com/search/label/relativefbb1.html]
[palistudies.blogspot.com/search/label/relative adverb61e1.html]
[palistudies.blogspot.com/search/label/repetition61e1.html]
[palistudies.blogspot.com/search/label/rootde34.html]
[palistudies.blogspot.com/search/label/sentence diagrams4937.html]
[palistudies.blogspot.com/search/label/SN4d9d.html]
[palistudies.blogspot.com/search/label/special bases7a32.html]
[palistudies.blogspot.com/search/label/stemde34.html]
[palistudies.blogspot.com/search/label/subject object5fbd.html]
[palistudies.blogspot.com/search/label/superlatives6887.html]
[palistudies.blogspot.com/search/label/sutta numbering5e53.html]
[palistudies.blogspot.com/search/label/syntax4937.html]
[palistudies.blogspot.com/search/label/tense615d.html]
[palistudies.blogspot.com/search/label/Tense system7a32.html]
[palistudies.blogspot.com/search/label/time29e8.html]
[palistudies.blogspot.com/search/label/tools40ac.html]
[palistudies.blogspot.com/search/label/verb stems7a32.html]
[palistudies.blogspot.com/search/label/verbal adjectives5ff4.html]
[palistudies.blogspot.com/search/label/vocativec4cf.html]
[palistudies.blogspot.com/search/label/word orderce25.html]
[palistudies.blogspot.com/searchf6df.html]
[palistudies.blogspot.com/searchc388.html]
[palistudies.blogspot.com/search1366.html]
[palistudies.blogspot.com/searche882.html]
[palistudies.blogspot.com/search081c.html]
[palistudies.blogspot.com/search2326.html]
[palistudies.blogspot.com/search0ebd.html]
[palistudies.blogspot.com/search1701.html]
[palistudies.blogspot.com/search4f63.html]
[palistudies.blogspot.com/searchf3f6.html]
[palistudies.blogspot.com/searchedee.html]
[palistudies.blogspot.com/search5753.html]
[palistudies.blogspot.com/search44c7.html]
[palistudies.blogspot.com/search12e8.html]
[palistudies.blogspot.com/search9b7e.html]
[palistudies.blogspot.com/search54dc.html]
[palistudies.blogspot.com/search228d.html]
[palistudies.blogspot.com/searchf15f.html]
[palistudies.blogspot.com/searchf00d.html]
[palistudies.blogspot.com/searchcdee.html]
[palistudies.blogspot.com/searchec7e.html]
[palistudies.blogspot.com/search067a.html]
[palistudies.blogspot.com/searche290.html]
[palistudies.blogspot.com/searchf80a.html]
[palistudies.blogspot.com/search1579.html]
[palistudies.blogspot.com/search84e5.html]
[palistudies.blogspot.com/searchd488.html]
[palistudies.blogspot.com/search239e.html]
[palistudies.blogspot.com/searchac4a.html]
[palistudies.blogspot.com/search51e0.html]
[palistudies.blogspot.com/search6fcc.html]
[palistudies.blogspot.com/search571f.html]
[palistudies.blogspot.com/searchad98.html]
[palistudies.blogspot.com/search0e02.html]
[palistudies.blogspot.com/searchd244.html]
[palistudies.blogspot.com/searchf197.html]
[palistudies.blogspot.com/search19af.html]
[palistudies.blogspot.com/search5239.html]
[palistudies.blogspot.com/search3f5b.html]
[palistudies.blogspot.com/search8ead.html]
[palistudies.blogspot.com/search9508.html]
[palistudies.blogspot.com/searchc176.html]
[palistudies.blogspot.com/search1870.html]
[palistudies.blogspot.com/search74c7.html]
[palistudies.blogspot.com/search6836.html]
[palistudies.blogspot.com/searchd33c.html]
[palistudies.blogspot.com/searcha577.html]
[palistudies.blogspot.com/searchdfe9.html]
[palistudies.blogspot.com/searcha10d.html]
[palistudies.blogspot.com/searchd832.html]
[palistudies.blogspot.com/search284d.html]
[palistudies.blogspot.com/search6506.html]
[palistudies.blogspot.com/searchb3b1.html]
[palistudies.blogspot.com/search73f3.html]
[palistudies.blogspot.com/searchc4dc.html]
[palistudies.blogspot.com/searchdbc9.html]
[palistudies.blogspot.com/searche6e5.html]
[palistudies.blogspot.com/search62b6.html]
[palistudies.blogspot.com/search98a1.html]
[palistudies.blogspot.com/search6a8a.html]
[palistudies.blogspot.com/search67a9.html]
[palistudies.blogspot.com/searcha5fe.html]
[palistudies.blogspot.com/search3ac4.html]
[palistudies.blogspot.com/searchfbdc.html]
[palistudies.blogspot.com/search5777.html]
[palistudies.blogspot.com/searchb4af.html]
[palistudies.blogspot.com/search94cf.html]
[palistudies.blogspot.com/searchf6bb.html]
[palistudies.blogspot.com/search01b0.html]
[palistudies.blogspot.com/search5110.html]
[palistudies.blogspot.com/search1c33.html]
[palistudies.blogspot.com/searchab87.html]
[palistudies.blogspot.com/search9467.html]
[palistudies.blogspot.com/search6399.html]
[palistudies.blogspot.com/search1029.html]
[palistudies.blogspot.com/searche9f6.html]
[palistudies.blogspot.com/searchf1c8.html]
[palistudies.blogspot.com/searchc0e3.html]
[palistudies.blogspot.com/search6606.html]
[palistudies.blogspot.com/searchb5cb.html]
[palistudies.blogspot.com/searchb355.html]
[palistudies.blogspot.com/searche0f2.html]
[palistudies.blogspot.com/search760d.html]
[palistudies.blogspot.com/search0b03.html]
[palistudies.blogspot.com/search5c10.html]
[palistudies.blogspot.com/search2eb7.html]
[palistudies.blogspot.com/searchc612.html]
[palistudies.blogspot.com/search6b47.html]
[palistudies.blogspot.com/searchdbe1.html]
[palistudies.blogspot.com/search45a9.html]
[palistudies.blogspot.com/search5c17.html]
[palistudies.blogspot.com/search1767.html]
[palistudies.blogspot.com/search0dc3.html]
[palistudies.blogspot.com/search3389.html]
[palistudies.blogspot.com/search16a2.html]
[palistudies.blogspot.com/search288a.html]
[palistudies.blogspot.com/search6fcc-2.html]
[palistudies.blogspot.com/searchd7fa.html]
[palistudies.blogspot.com/search8fe9.html]
[palistudies.blogspot.com/searchb0d9.html]
[palistudies.blogspot.com/search172e.html]
[palistudies.blogspot.com/search1b61.html]
[palistudies.blogspot.com/search8e9f.html]
[palistudies.blogspot.com/search830f.html]
[palistudies.blogspot.com/searchee41.html]
[palistudies.blogspot.com/searchba3f.html]
[palistudies.blogspot.com/searchcf9e.html]
[palistudies.blogspot.com/search9158.html]
[palistudies.blogspot.com/searchfecb.html]
[palistudies.blogspot.com/searchc388.html]
[palistudies.blogspot.com/search1366.html]
[palistudies.blogspot.com/search81d5.html]
[palistudies.blogspot.com/search2c40.html]
[palistudies.blogspot.com/search2326.html]
[palistudies.blogspot.com/search0ebd.html]
[palistudies.blogspot.com/search1bc3.html]
[palistudies.blogspot.com/searcha953.html]
[palistudies.blogspot.com/search4f63.html]
[palistudies.blogspot.com/searchf3f6.html]
[palistudies.blogspot.com/search4943.html]
[palistudies.blogspot.com/search33b2.html]
[palistudies.blogspot.com/search44c7.html]
[palistudies.blogspot.com/search12e8.html]
[palistudies.blogspot.com/search555f.html]
[palistudies.blogspot.com/search99ba.html]
[palistudies.blogspot.com/search54dc.html]
[palistudies.blogspot.com/search228d.html]
[palistudies.blogspot.com/search782a.html]
[palistudies.blogspot.com/searchec7e.html]
[palistudies.blogspot.com/searchf80a.html]
[palistudies.blogspot.com/search1579.html]
[palistudies.blogspot.com/search03f9.html]
[palistudies.blogspot.com/search0ba8.html]
[palistudies.blogspot.com/searchd488.html]
[palistudies.blogspot.com/search51e0.html]
[palistudies.blogspot.com/search6fcc.html]
[palistudies.blogspot.com/searcha31a.html]
[palistudies.blogspot.com/search0e02.html]
[palistudies.blogspot.com/searchd244.html]
[palistudies.blogspot.com/searchf7e1.html]
[palistudies.blogspot.com/search5239.html]
[palistudies.blogspot.com/search3f5b.html]
[palistudies.blogspot.com/searchfa91.html]
[palistudies.blogspot.com/search0611.html]
[palistudies.blogspot.com/searchc176.html]
[palistudies.blogspot.com/search6836.html]
[palistudies.blogspot.com/searchd33c.html]
[palistudies.blogspot.com/searchc394.html]
[palistudies.blogspot.com/search2f9c.html]
[palistudies.blogspot.com/searcha10d.html]
[palistudies.blogspot.com/searchd832.html]
[palistudies.blogspot.com/search13a3.html]
[palistudies.blogspot.com/searchb3b1.html]
[palistudies.blogspot.com/search73f3.html]
[palistudies.blogspot.com/searchc34c.html]
[palistudies.blogspot.com/searchb103.html]
[palistudies.blogspot.com/searche6e5.html]
[palistudies.blogspot.com/search62b6.html]
[palistudies.blogspot.com/searcha1df.html]
[palistudies.blogspot.com/search0b1c.html]
[palistudies.blogspot.com/search6a8a.html]
[palistudies.blogspot.com/search67a9.html]
[palistudies.blogspot.com/search07c4.html]
[palistudies.blogspot.com/search9db4.html]
[palistudies.blogspot.com/searcha5fe.html]
[palistudies.blogspot.com/search80b4.html]
[palistudies.blogspot.com/search2ab3.html]
[palistudies.blogspot.com/search5777.html]
[palistudies.blogspot.com/searchb4af.html]
[palistudies.blogspot.com/search0c10.html]
[palistudies.blogspot.com/search0ac8.html]
[palistudies.blogspot.com/searchf6bb.html]
[palistudies.blogspot.com/search01b0.html]
[palistudies.blogspot.com/searchb359.html]
[palistudies.blogspot.com/search2de0.html]
[palistudies.blogspot.com/search5110.html]
[palistudies.blogspot.com/search5765.html]
[palistudies.blogspot.com/searchb3a1.html]
[palistudies.blogspot.com/search9467.html]
[palistudies.blogspot.com/search6399.html]
[palistudies.blogspot.com/search39c0.html]
[palistudies.blogspot.com/search915a.html]
[palistudies.blogspot.com/searche9f6.html]
[palistudies.blogspot.com/searchf1c8.html]
[palistudies.blogspot.com/search245e.html]
[palistudies.blogspot.com/search2fdd.html]
[palistudies.blogspot.com/searchc0e3.html]
[palistudies.blogspot.com/search5570.html]
[palistudies.blogspot.com/search3752.html]
[palistudies.blogspot.com/searchb355.html]
[palistudies.blogspot.com/searche0f2.html]
[palistudies.blogspot.com/searchb642.html]
[palistudies.blogspot.com/searcha13c.html]
[palistudies.blogspot.com/search0b03.html]
[palistudies.blogspot.com/search5c10.html]
[palistudies.blogspot.com/searchcbe0.html]
[palistudies.blogspot.com/searchc009.html]
[palistudies.blogspot.com/search2eb7.html]
[palistudies.blogspot.com/searchf9ba.html]
[palistudies.blogspot.com/search625f.html]
[palistudies.blogspot.com/searchdbe1.html]
[palistudies.blogspot.com/search45a9.html]
[palistudies.blogspot.com/searchedfd.html]
[palistudies.blogspot.com/searcha907.html]
[palistudies.blogspot.com/search1767.html]
[palistudies.blogspot.com/search0dc3.html]
[palistudies.blogspot.com/search5014.html]
[palistudies.blogspot.com/search288a.html]
[palistudies.blogspot.com/search6fcc-2.html]
[palistudies.blogspot.com/searchf478.html]
[palistudies.blogspot.com/search91ed.html]
[palistudies.blogspot.com/search8fe9.html]
[palistudies.blogspot.com/searchb0d9.html]
[palistudies.blogspot.com/search9e00.html]
[palistudies.blogspot.com/searchc2ad.html]
[palistudies.blogspot.com/search172e.html]
[palistudies.blogspot.com/search0e27.html]
[palistudies.blogspot.com/search49fe.html]
[palistudies.blogspot.com/search830f.html]
[palistudies.blogspot.com/searchee41.html]
[palistudies.blogspot.com/searchf3eb.html]
[palistudies.blogspot.com/searchb3b5.html]
[palistudies.blogspot.com/search9158.html]
[palistudies.blogspot.com/searchfecb.html]
[palistudies.blogspot.com/search417d.html]
[palistudies.blogspot.com/search2286.html]
[palistudies.blogspot.com/search81d5.html]
[palistudies.blogspot.com/search2c40.html]
[palistudies.blogspot.com/search6431.html]
[palistudies.blogspot.com/search1bc3.html]
[palistudies.blogspot.com/searcha953.html]
[palistudies.blogspot.com/search70c6.html]
[palistudies.blogspot.com/search4943.html]
[palistudies.blogspot.com/search33b2.html]
[palistudies.blogspot.com/searche286.html]
[palistudies.blogspot.com/search555f.html]
[palistudies.blogspot.com/search99ba.html]
[palistudies.blogspot.com/search73c0.html]
[palistudies.blogspot.com/search4c92.html]
[palistudies.blogspot.com/search782a.html]
[palistudies.blogspot.com/search03f9.html]
[palistudies.blogspot.com/search0ba8.html]
[palistudies.blogspot.com/search6252.html]
[palistudies.blogspot.com/searcha31a.html]
[palistudies.blogspot.com/searchf7e1.html]
[palistudies.blogspot.com/searchfa91.html]
[palistudies.blogspot.com/search0611.html]
[palistudies.blogspot.com/search4a17.html]
[palistudies.blogspot.com/searchc394.html]
[palistudies.blogspot.com/search2f9c.html]
[palistudies.blogspot.com/search83ab.html]
[palistudies.blogspot.com/search13a3.html]
[palistudies.blogspot.com/searchc34c.html]
[palistudies.blogspot.com/searchb103.html]
[palistudies.blogspot.com/searchf99f.html]
[palistudies.blogspot.com/searcha1df.html]
[palistudies.blogspot.com/search0b1c.html]
[palistudies.blogspot.com/search21e8.html]
[palistudies.blogspot.com/search7439.html]
[palistudies.blogspot.com/search07c4.html]
[palistudies.blogspot.com/search9db4.html]
[palistudies.blogspot.com/searchd384.html]
[palistudies.blogspot.com/search96e8.html]
[palistudies.blogspot.com/search80b4.html]
[palistudies.blogspot.com/search2ab3.html]
[palistudies.blogspot.com/searchee2a.html]
[palistudies.blogspot.com/searcha1d7.html]
[palistudies.blogspot.com/search0c10.html]
[palistudies.blogspot.com/search0ac8.html]
[palistudies.blogspot.com/searchfec3.html]
[palistudies.blogspot.com/search1419.html]
[palistudies.blogspot.com/searchb359.html]
[palistudies.blogspot.com/search2de0.html]
[palistudies.blogspot.com/search2702.html]
[palistudies.blogspot.com/search4a3a.html]
[palistudies.blogspot.com/search5765.html]
[palistudies.blogspot.com/searchb3a1.html]
[palistudies.blogspot.com/search5643.html]
[palistudies.blogspot.com/search765d.html]
[palistudies.blogspot.com/search39c0.html]
[palistudies.blogspot.com/search915a.html]
[palistudies.blogspot.com/search1871.html]
[palistudies.blogspot.com/searchfb2c.html]
[palistudies.blogspot.com/search245e.html]
[palistudies.blogspot.com/search2fdd.html]
[palistudies.blogspot.com/search4ddc.html]
[palistudies.blogspot.com/searchfe45.html]
[palistudies.blogspot.com/search5570.html]
[palistudies.blogspot.com/search3752.html]
[palistudies.blogspot.com/searchc4ab.html]
[palistudies.blogspot.com/search8a1a.html]
[palistudies.blogspot.com/searchb642.html]
[palistudies.blogspot.com/searcha13c.html]
[palistudies.blogspot.com/search8a07.html]
[palistudies.blogspot.com/searchdbda.html]
[palistudies.blogspot.com/searchcbe0.html]
[palistudies.blogspot.com/searchc009.html]
[palistudies.blogspot.com/search1bf7.html]
[palistudies.blogspot.com/search12ad.html]
[palistudies.blogspot.com/searchf9ba.html]
[palistudies.blogspot.com/search625f.html]
[palistudies.blogspot.com/search0d08.html]
[palistudies.blogspot.com/search725e.html]
[palistudies.blogspot.com/searchedfd.html]
[palistudies.blogspot.com/searcha907.html]
[palistudies.blogspot.com/search8571.html]
[palistudies.blogspot.com/search98ec.html]
[palistudies.blogspot.com/search5014.html]
[palistudies.blogspot.com/searchf478.html]
[palistudies.blogspot.com/search91ed.html]
[palistudies.blogspot.com/search256c.html]
[palistudies.blogspot.com/searcha046.html]
[palistudies.blogspot.com/search9e00.html]
[palistudies.blogspot.com/searchc2ad.html]
[palistudies.blogspot.com/search1385.html]
[palistudies.blogspot.com/searchf1bc.html]
[palistudies.blogspot.com/search0e27.html]
[palistudies.blogspot.com/search49fe.html]
[palistudies.blogspot.com/searchb6de.html]
[palistudies.blogspot.com/search3b6e.html]
[palistudies.blogspot.com/searchf3eb.html]
[palistudies.blogspot.com/searchb3b5.html]
[palistudies.blogspot.com/search89ff.html]
[palistudies.blogspot.com/search417d.html]
[palistudies.blogspot.com/search2286.html]
[palistudies.blogspot.com/searchfb58.html]
[palistudies.blogspot.com/search6431.html]
[palistudies.blogspot.com/search70c6.html]
[palistudies.blogspot.com/searche286.html]
[palistudies.blogspot.com/search73c0.html]
[palistudies.blogspot.com/search4c92.html]
[palistudies.blogspot.com/search4c3c.html]
[palistudies.blogspot.com/search6252.html]
[palistudies.blogspot.com/search4a17.html]
[palistudies.blogspot.com/search83ab.html]
[palistudies.blogspot.com/searchf99f.html]
[palistudies.blogspot.com/search21e8.html]
[palistudies.blogspot.com/search7439.html]
[palistudies.blogspot.com/search056f.html]
[palistudies.blogspot.com/searchd384.html]
[palistudies.blogspot.com/search96e8.html]
[palistudies.blogspot.com/searchaf59.html]
[palistudies.blogspot.com/searchee2a.html]
[palistudies.blogspot.com/searcha1d7.html]
[palistudies.blogspot.com/search4314.html]
[palistudies.blogspot.com/searchfec3.html]
[palistudies.blogspot.com/search1419.html]
[palistudies.blogspot.com/search58f8.html]
[palistudies.blogspot.com/search2702.html]
[palistudies.blogspot.com/search4a3a.html]
[palistudies.blogspot.com/search32d8.html]
[palistudies.blogspot.com/search5643.html]
[palistudies.blogspot.com/search765d.html]
[palistudies.blogspot.com/searchadb2.html]
[palistudies.blogspot.com/search1871.html]
[palistudies.blogspot.com/searchfb2c.html]
[palistudies.blogspot.com/search8276.html]
[palistudies.blogspot.com/search4ddc.html]
[palistudies.blogspot.com/searchfe45.html]
[palistudies.blogspot.com/search8366.html]
[palistudies.blogspot.com/searchc4ab.html]
[palistudies.blogspot.com/search8a1a.html]
[palistudies.blogspot.com/search22fc.html]
[palistudies.blogspot.com/search8a07.html]
[palistudies.blogspot.com/searchdbda.html]
[palistudies.blogspot.com/search53a2.html]
[palistudies.blogspot.com/search1bf7.html]
[palistudies.blogspot.com/search12ad.html]
[palistudies.blogspot.com/search70a7.html]
[palistudies.blogspot.com/search0d08.html]
[palistudies.blogspot.com/search725e.html]
[palistudies.blogspot.com/search121b.html]
[palistudies.blogspot.com/search8571.html]
[palistudies.blogspot.com/search98ec.html]
[palistudies.blogspot.com/search9cc3.html]
[palistudies.blogspot.com/search256c.html]
[palistudies.blogspot.com/searcha046.html]
[palistudies.blogspot.com/searchb309.html]
[palistudies.blogspot.com/search1385.html]
[palistudies.blogspot.com/searchf1bc.html]
[palistudies.blogspot.com/search1de0.html]
[palistudies.blogspot.com/searchb6de.html]
[palistudies.blogspot.com/search3b6e.html]
[palistudies.blogspot.com/search04d3.html]
[palistudies.blogspot.com/search89ff.html]
[palistudies.blogspot.com/searchfb58.html]
[palistudies.blogspot.com/search4c3c.html]
[palistudies.blogspot.com/search056f.html]
[palistudies.blogspot.com/searchaf59.html]
[palistudies.blogspot.com/search4314.html]
[palistudies.blogspot.com/search58f8.html]
[palistudies.blogspot.com/search32d8.html]
[palistudies.blogspot.com/searchadb2.html]
[palistudies.blogspot.com/search8276.html]
[palistudies.blogspot.com/search8366.html]
[palistudies.blogspot.com/search22fc.html]
[palistudies.blogspot.com/search53a2.html]
[palistudies.blogspot.com/search70a7.html]
[palistudies.blogspot.com/search121b.html]
[palistudies.blogspot.com/search9cc3.html]
[palistudies.blogspot.com/searchb309.html]
[palistudies.blogspot.com/search1de0.html]
[palistudies.blogspot.com/search04d3.html]
[palistudies.blogspot.com/search3957.html]
[palistudies.blogspot.com/search3957.html]
